{"rustc":6064785002308032717,"features":"[]","target":11600682382326034223,"profile":9251013656241001069,"path":17523903030608720598,"deps":[[18048171741498699465,"wit_bindgen_rust",false,3507220557789513140]],"local":[{"CheckDepInfo":{"dep_info":"wasm32-wasi/debug/.fingerprint/power-a9f450e714f48e37/dep-lib-power"}}],"rustflags":[],"metadata":7797948686568424061,"config":2202906307356721367,"compile_kind":16489420942494921214}